program 
  declarationList 
    declaration 
      funDeclaration 
        typeSpecifier int
        main(params)
        compoundStmt {
          statementList statementList
            statement 
              returnStmt return
                expression 
                  simpleExpression 
                    andExpression 
                      unaryRelExpression 
                        relExpression 
                          sumExpression 
                            mulExpression 
                              mulExpression 
                                unaryExpression 
                                  factor 
                                    immutable 
                                      constant 1
                              mulop *
                              unaryExpression 
                                factor 
                                  immutable 
                                    constant 2
                ;
          }
  <EOF>

program 
  funDeclaration 
    typeSpecifier int
    main
    returnStmt return
      mulExpression 
        constant 1
        mulop *
        constant 2


